<?xml version="1.0" encoding="ISO-8859-1" ?>
<link_info>
   <banner>TI ARM Linker PC v20.2.5.LTS</banner>
   <copyright>Copyright (c) 1996-2018 Texas Instruments Incorporated</copyright>
   <link_time>0x60b19ed8</link_time>
   <link_errors>0x0</link_errors>
   <output_file>BT2.out</output_file>
   <entry_point>
      <name>_c_int00_noargs</name>
      <address>0x3b79</address>
   </entry_point>
   <input_file_list>
      <input_file id="fl-2">
         <path>.\</path>
         <kind>object</kind>
         <file>tm4c1232h6pm_startup_ccs.obj</file>
         <name>tm4c1232h6pm_startup_ccs.obj</name>
      </input_file>
      <input_file id="fl-3">
         <path>.\Application\</path>
         <kind>object</kind>
         <file>ledGreenStateMachine.obj</file>
         <name>ledGreenStateMachine.obj</name>
      </input_file>
      <input_file id="fl-4">
         <path>.\Application\</path>
         <kind>object</kind>
         <file>ledRedStateMachine.obj</file>
         <name>ledRedStateMachine.obj</name>
      </input_file>
      <input_file id="fl-5">
         <path>.\Application\</path>
         <kind>object</kind>
         <file>led_task.obj</file>
         <name>led_task.obj</name>
      </input_file>
      <input_file id="fl-6">
         <path>.\Application\</path>
         <kind>object</kind>
         <file>main.obj</file>
         <name>main.obj</name>
      </input_file>
      <input_file id="fl-7">
         <path>.\Application\</path>
         <kind>object</kind>
         <file>switch_task.obj</file>
         <name>switch_task.obj</name>
      </input_file>
      <input_file id="fl-8">
         <path>.\FreeRTOSSource\</path>
         <kind>object</kind>
         <file>croutine.obj</file>
         <name>croutine.obj</name>
      </input_file>
      <input_file id="fl-9">
         <path>.\FreeRTOSSource\</path>
         <kind>object</kind>
         <file>event_groups.obj</file>
         <name>event_groups.obj</name>
      </input_file>
      <input_file id="fl-a">
         <path>.\FreeRTOSSource\</path>
         <kind>object</kind>
         <file>heap_2.obj</file>
         <name>heap_2.obj</name>
      </input_file>
      <input_file id="fl-b">
         <path>.\FreeRTOSSource\</path>
         <kind>object</kind>
         <file>list.obj</file>
         <name>list.obj</name>
      </input_file>
      <input_file id="fl-c">
         <path>.\FreeRTOSSource\</path>
         <kind>object</kind>
         <file>port.obj</file>
         <name>port.obj</name>
      </input_file>
      <input_file id="fl-d">
         <path>.\FreeRTOSSource\</path>
         <kind>object</kind>
         <file>portasm.obj</file>
         <name>portasm.obj</name>
      </input_file>
      <input_file id="fl-e">
         <path>.\FreeRTOSSource\</path>
         <kind>object</kind>
         <file>queue.obj</file>
         <name>queue.obj</name>
      </input_file>
      <input_file id="fl-f">
         <path>.\FreeRTOSSource\</path>
         <kind>object</kind>
         <file>stream_buffer.obj</file>
         <name>stream_buffer.obj</name>
      </input_file>
      <input_file id="fl-10">
         <path>.\FreeRTOSSource\</path>
         <kind>object</kind>
         <file>tasks.obj</file>
         <name>tasks.obj</name>
      </input_file>
      <input_file id="fl-11">
         <path>.\FreeRTOSSource\</path>
         <kind>object</kind>
         <file>timers.obj</file>
         <name>timers.obj</name>
      </input_file>
      <input_file id="fl-12">
         <path>.\driver\</path>
         <kind>object</kind>
         <file>buttons.obj</file>
         <name>buttons.obj</name>
      </input_file>
      <input_file id="fl-13">
         <path>.\driver\</path>
         <kind>object</kind>
         <file>led.obj</file>
         <name>led.obj</name>
      </input_file>
      <input_file id="fl-14">
         <path>.\driver\</path>
         <kind>object</kind>
         <file>rgb.obj</file>
         <name>rgb.obj</name>
      </input_file>
      <input_file id="fl-15">
         <path>.\driver\</path>
         <kind>object</kind>
         <file>switches.obj</file>
         <name>switches.obj</name>
      </input_file>
      <input_file id="fl-16">
         <path>.\driver\</path>
         <kind>object</kind>
         <file>uartstdio.obj</file>
         <name>uartstdio.obj</name>
      </input_file>
      <input_file id="fl-1b">
         <kind>object</kind>
         <file>&lt;internal&gt;</file>
         <name>&lt;internal&gt;</name>
      </input_file>
      <input_file id="fl-1c">
         <path>..\</path>
         <kind>archive</kind>
         <file>driverlib.lib</file>
         <name>gpio.obj</name>
      </input_file>
      <input_file id="fl-1d">
         <path>..\</path>
         <kind>archive</kind>
         <file>driverlib.lib</file>
         <name>interrupt.obj</name>
      </input_file>
      <input_file id="fl-1e">
         <path>..\</path>
         <kind>archive</kind>
         <file>driverlib.lib</file>
         <name>sysctl.obj</name>
      </input_file>
      <input_file id="fl-1f">
         <path>..\</path>
         <kind>archive</kind>
         <file>driverlib.lib</file>
         <name>uart.obj</name>
      </input_file>
      <input_file id="fl-20">
         <path>..\</path>
         <kind>archive</kind>
         <file>driverlib.lib</file>
         <name>cpu.obj</name>
      </input_file>
      <input_file id="fl-d6">
         <path>C:\ti\ccsv7\tools\compiler\ti-cgt-arm_20.2.5.LTS\lib\</path>
         <kind>archive</kind>
         <file>rtsv7M4_T_le_v4SPD16_eabi.lib</file>
         <name>fs_toull_t2.asm.obj</name>
      </input_file>
      <input_file id="fl-d7">
         <path>C:\ti\ccsv7\tools\compiler\ti-cgt-arm_20.2.5.LTS\lib\</path>
         <kind>archive</kind>
         <file>rtsv7M4_T_le_v4SPD16_eabi.lib</file>
         <name>memcpy_t2.asm.obj</name>
      </input_file>
      <input_file id="fl-d8">
         <path>C:\ti\ccsv7\tools\compiler\ti-cgt-arm_20.2.5.LTS\lib\</path>
         <kind>archive</kind>
         <file>rtsv7M4_T_le_v4SPD16_eabi.lib</file>
         <name>u_divt2.asm.obj</name>
      </input_file>
      <input_file id="fl-d9">
         <path>C:\ti\ccsv7\tools\compiler\ti-cgt-arm_20.2.5.LTS\lib\</path>
         <kind>archive</kind>
         <file>rtsv7M4_T_le_v4SPD16_eabi.lib</file>
         <name>memset_t2.asm.obj</name>
      </input_file>
      <input_file id="fl-da">
         <path>C:\ti\ccsv7\tools\compiler\ti-cgt-arm_20.2.5.LTS\lib\</path>
         <kind>archive</kind>
         <file>rtsv7M4_T_le_v4SPD16_eabi.lib</file>
         <name>copy_zero_init.c.obj</name>
      </input_file>
      <input_file id="fl-db">
         <path>C:\ti\ccsv7\tools\compiler\ti-cgt-arm_20.2.5.LTS\lib\</path>
         <kind>archive</kind>
         <file>rtsv7M4_T_le_v4SPD16_eabi.lib</file>
         <name>copy_decompress_none.c.obj</name>
      </input_file>
      <input_file id="fl-dc">
         <path>C:\ti\ccsv7\tools\compiler\ti-cgt-arm_20.2.5.LTS\lib\</path>
         <kind>archive</kind>
         <file>rtsv7M4_T_le_v4SPD16_eabi.lib</file>
         <name>copy_decompress_lzss.c.obj</name>
      </input_file>
      <input_file id="fl-dd">
         <path>C:\ti\ccsv7\tools\compiler\ti-cgt-arm_20.2.5.LTS\lib\</path>
         <kind>archive</kind>
         <file>rtsv7M4_T_le_v4SPD16_eabi.lib</file>
         <name>boot_cortex_m.c.obj</name>
      </input_file>
      <input_file id="fl-de">
         <path>C:\ti\ccsv7\tools\compiler\ti-cgt-arm_20.2.5.LTS\lib\</path>
         <kind>archive</kind>
         <file>rtsv7M4_T_le_v4SPD16_eabi.lib</file>
         <name>div0.asm.obj</name>
      </input_file>
      <input_file id="fl-df">
         <path>C:\ti\ccsv7\tools\compiler\ti-cgt-arm_20.2.5.LTS\lib\</path>
         <kind>archive</kind>
         <file>rtsv7M4_T_le_v4SPD16_eabi.lib</file>
         <name>autoinit.c.obj</name>
      </input_file>
      <input_file id="fl-e0">
         <path>C:\ti\ccsv7\tools\compiler\ti-cgt-arm_20.2.5.LTS\lib\</path>
         <kind>archive</kind>
         <file>rtsv7M4_T_le_v4SPD16_eabi.lib</file>
         <name>pre_init.c.obj</name>
      </input_file>
      <input_file id="fl-e1">
         <path>C:\ti\ccsv7\tools\compiler\ti-cgt-arm_20.2.5.LTS\lib\</path>
         <kind>archive</kind>
         <file>rtsv7M4_T_le_v4SPD16_eabi.lib</file>
         <name>cpy_tbl.c.obj</name>
      </input_file>
      <input_file id="fl-e2">
         <path>C:\ti\ccsv7\tools\compiler\ti-cgt-arm_20.2.5.LTS\lib\</path>
         <kind>archive</kind>
         <file>rtsv7M4_T_le_v4SPD16_eabi.lib</file>
         <name>exit.c.obj</name>
      </input_file>
      <input_file id="fl-e3">
         <path>C:\ti\ccsv7\tools\compiler\ti-cgt-arm_20.2.5.LTS\lib\</path>
         <kind>archive</kind>
         <file>rtsv7M4_T_le_v4SPD16_eabi.lib</file>
         <name>_lock.c.obj</name>
      </input_file>
      <input_file id="fl-e4">
         <path>C:\ti\ccsv7\tools\compiler\ti-cgt-arm_20.2.5.LTS\lib\</path>
         <kind>archive</kind>
         <file>rtsv7M4_T_le_v4SPD16_eabi.lib</file>
         <name>args_main.c.obj</name>
      </input_file>
   </input_file_list>
   <object_component_list>
      <object_component id="oc-12">
         <name>.intvecs</name>
         <load_address>0x0</load_address>
         <run_address>0x0</run_address>
         <size>0x26c</size>
         <input_file_ref idref="fl-2"/>
      </object_component>
      <object_component id="oc-85">
         <name>.text</name>
         <load_address>0x26c</load_address>
         <run_address>0x26c</run_address>
         <size>0x1894</size>
         <input_file_ref idref="fl-10"/>
      </object_component>
      <object_component id="oc-dd">
         <name>.text</name>
         <load_address>0x1b00</load_address>
         <run_address>0x1b00</run_address>
         <size>0xc80</size>
         <input_file_ref idref="fl-e"/>
      </object_component>
      <object_component id="oc-b3">
         <name>.text</name>
         <load_address>0x2780</load_address>
         <run_address>0x2780</run_address>
         <size>0x49c</size>
         <input_file_ref idref="fl-16"/>
      </object_component>
      <object_component id="oc-38">
         <name>.text</name>
         <load_address>0x2c1c</load_address>
         <run_address>0x2c1c</run_address>
         <size>0x3ac</size>
         <input_file_ref idref="fl-6"/>
      </object_component>
      <object_component id="oc-14c">
         <name>.text</name>
         <load_address>0x2fc8</load_address>
         <run_address>0x2fc8</run_address>
         <size>0x1b8</size>
         <input_file_ref idref="fl-a"/>
      </object_component>
      <object_component id="oc-195">
         <name>.text:GPIOPadConfigSet</name>
         <load_address>0x3180</load_address>
         <run_address>0x3180</run_address>
         <size>0x16c</size>
         <input_file_ref idref="fl-1c"/>
      </object_component>
      <object_component id="oc-32">
         <name>.text</name>
         <load_address>0x32ec</load_address>
         <run_address>0x32ec</run_address>
         <size>0x13c</size>
         <input_file_ref idref="fl-c"/>
      </object_component>
      <object_component id="oc-152">
         <name>.text</name>
         <load_address>0x3428</load_address>
         <run_address>0x3428</run_address>
         <size>0x12a</size>
         <input_file_ref idref="fl-b"/>
      </object_component>
      <object_component id="oc-2c6">
         <name>.text</name>
         <load_address>0x3552</load_address>
         <run_address>0x3552</run_address>
         <size>0x2</size>
         <input_file_ref idref="fl-de"/>
      </object_component>
      <object_component id="oc-b9">
         <name>.text:SysCtlClockSet</name>
         <load_address>0x3554</load_address>
         <run_address>0x3554</run_address>
         <size>0xf4</size>
         <input_file_ref idref="fl-1e"/>
      </object_component>
      <object_component id="oc-2d">
         <name>.text</name>
         <load_address>0x3648</load_address>
         <run_address>0x3648</run_address>
         <size>0xda</size>
         <input_file_ref idref="fl-d"/>
      </object_component>
      <object_component id="oc-4c">
         <name>.text</name>
         <load_address>0x3722</load_address>
         <run_address>0x3722</run_address>
         <size>0x9c</size>
         <input_file_ref idref="fl-d7"/>
      </object_component>
      <object_component id="oc-d7">
         <name>.text</name>
         <load_address>0x37c0</load_address>
         <run_address>0x37c0</run_address>
         <size>0x84</size>
         <input_file_ref idref="fl-15"/>
      </object_component>
      <object_component id="oc-12a">
         <name>.text</name>
         <load_address>0x3844</load_address>
         <run_address>0x3844</run_address>
         <size>0x7a</size>
         <input_file_ref idref="fl-d9"/>
      </object_component>
      <object_component id="oc-c5">
         <name>.text:IntEnable</name>
         <load_address>0x38c0</load_address>
         <run_address>0x38c0</run_address>
         <size>0x68</size>
         <input_file_ref idref="fl-1d"/>
      </object_component>
      <object_component id="oc-15">
         <name>.text:decompress:lzss:__TI_decompress_lzss</name>
         <load_address>0x3928</load_address>
         <run_address>0x3928</run_address>
         <size>0x68</size>
         <input_file_ref idref="fl-dc"/>
      </object_component>
      <object_component id="oc-d1">
         <name>.text</name>
         <load_address>0x3990</load_address>
         <run_address>0x3990</run_address>
         <size>0x64</size>
         <input_file_ref idref="fl-13"/>
      </object_component>
      <object_component id="oc-a1">
         <name>.text:GPIOPinConfigure</name>
         <load_address>0x39f4</load_address>
         <run_address>0x39f4</run_address>
         <size>0x4c</size>
         <input_file_ref idref="fl-1c"/>
      </object_component>
      <object_component id="oc-1a4">
         <name>.text:UARTConfigSetExpClk</name>
         <load_address>0x3a40</load_address>
         <run_address>0x3a40</run_address>
         <size>0x46</size>
         <input_file_ref idref="fl-1f"/>
      </object_component>
      <object_component id="oc-231">
         <name>.text:__TI_auto_init_nobinit_nopinit:__TI_auto_init_nobinit_nopinit</name>
         <load_address>0x3a88</load_address>
         <run_address>0x3a88</run_address>
         <size>0x44</size>
         <input_file_ref idref="fl-df"/>
      </object_component>
      <object_component id="oc-1bf">
         <name>.text</name>
         <load_address>0x3acc</load_address>
         <run_address>0x3acc</run_address>
         <size>0x40</size>
         <input_file_ref idref="fl-d8"/>
      </object_component>
      <object_component id="oc-19e">
         <name>.text:SysCtlPeripheralPresent</name>
         <load_address>0x3b0c</load_address>
         <run_address>0x3b0c</run_address>
         <size>0x38</size>
         <input_file_ref idref="fl-1e"/>
      </object_component>
      <object_component id="oc-9b">
         <name>.text:SysCtlPeripheralEnable</name>
         <load_address>0x3b44</load_address>
         <run_address>0x3b44</run_address>
         <size>0x34</size>
         <input_file_ref idref="fl-1e"/>
      </object_component>
      <object_component id="oc-6a">
         <name>.text:_c_int00_noargs:_c_int00_noargs</name>
         <load_address>0x3b78</load_address>
         <run_address>0x3b78</run_address>
         <size>0x34</size>
         <input_file_ref idref="fl-dd"/>
      </object_component>
      <object_component id="oc-18f">
         <name>.text:GPIODirModeSet</name>
         <load_address>0x3bac</load_address>
         <run_address>0x3bac</run_address>
         <size>0x2c</size>
         <input_file_ref idref="fl-1c"/>
      </object_component>
      <object_component id="oc-2b7">
         <name>.text:UARTDisable</name>
         <load_address>0x3bd8</load_address>
         <run_address>0x3bd8</run_address>
         <size>0x20</size>
         <input_file_ref idref="fl-1f"/>
      </object_component>
      <object_component id="oc-1dd">
         <name>.text:GPIOPinTypeGPIOOutput</name>
         <load_address>0x3bf8</load_address>
         <run_address>0x3bf8</run_address>
         <size>0x1a</size>
         <input_file_ref idref="fl-1c"/>
      </object_component>
      <object_component id="oc-a7">
         <name>.text:GPIOPinTypeUART</name>
         <load_address>0x3c12</load_address>
         <run_address>0x3c12</run_address>
         <size>0x16</size>
         <input_file_ref idref="fl-1c"/>
      </object_component>
      <object_component id="oc-1aa">
         <name>.text:UARTEnable</name>
         <load_address>0x3c28</load_address>
         <run_address>0x3c28</run_address>
         <size>0x14</size>
         <input_file_ref idref="fl-1f"/>
      </object_component>
      <object_component id="oc-bf">
         <name>.text:IntMasterEnable</name>
         <load_address>0x3c3c</load_address>
         <run_address>0x3c3c</run_address>
         <size>0x10</size>
         <input_file_ref idref="fl-1d"/>
      </object_component>
      <object_component id="oc-f5">
         <name>.text:UARTCharsAvail</name>
         <load_address>0x3c4c</load_address>
         <run_address>0x3c4c</run_address>
         <size>0xe</size>
         <input_file_ref idref="fl-1f"/>
      </object_component>
      <object_component id="oc-1b">
         <name>.text:decompress:none:__TI_decompress_none</name>
         <load_address>0x3c5a</load_address>
         <run_address>0x3c5a</run_address>
         <size>0xe</size>
         <input_file_ref idref="fl-db"/>
      </object_component>
      <object_component id="oc-1d0">
         <name>.text:CPUcpsie</name>
         <load_address>0x3c68</load_address>
         <run_address>0x3c68</run_address>
         <size>0xc</size>
         <input_file_ref idref="fl-20"/>
      </object_component>
      <object_component id="oc-5e">
         <name>.text:decompress:ZI:__TI_zero_init</name>
         <load_address>0x3c74</load_address>
         <run_address>0x3c74</run_address>
         <size>0xc</size>
         <input_file_ref idref="fl-da"/>
      </object_component>
      <object_component id="oc-27">
         <name>.text</name>
         <load_address>0x3c80</load_address>
         <run_address>0x3c80</run_address>
         <size>0xc</size>
         <input_file_ref idref="fl-2"/>
      </object_component>
      <object_component id="oc-ef">
         <name>.text:UARTCharGet</name>
         <load_address>0x3c8c</load_address>
         <run_address>0x3c8c</run_address>
         <size>0xa</size>
         <input_file_ref idref="fl-1f"/>
      </object_component>
      <object_component id="oc-1b0">
         <name>.text:UARTCharPut</name>
         <load_address>0x3c96</load_address>
         <run_address>0x3c96</run_address>
         <size>0xa</size>
         <input_file_ref idref="fl-1f"/>
      </object_component>
      <object_component id="oc-e3">
         <name>.text:UARTIntStatus</name>
         <load_address>0x3ca0</load_address>
         <run_address>0x3ca0</run_address>
         <size>0xa</size>
         <input_file_ref idref="fl-1f"/>
      </object_component>
      <object_component id="oc-cb">
         <name>.text:UARTIntEnable</name>
         <load_address>0x3caa</load_address>
         <run_address>0x3caa</run_address>
         <size>0x8</size>
         <input_file_ref idref="fl-1f"/>
      </object_component>
      <object_component id="oc-1f5">
         <name>.text:GPIOPinRead</name>
         <load_address>0x3cb2</load_address>
         <run_address>0x3cb2</run_address>
         <size>0x6</size>
         <input_file_ref idref="fl-1c"/>
      </object_component>
      <object_component id="oc-1e3">
         <name>.text:GPIOPinWrite</name>
         <load_address>0x3cb8</load_address>
         <run_address>0x3cb8</run_address>
         <size>0x6</size>
         <input_file_ref idref="fl-1c"/>
      </object_component>
      <object_component id="oc-1ce">
         <name>.text:SysCtlDelay</name>
         <load_address>0x3cbe</load_address>
         <run_address>0x3cbe</run_address>
         <size>0x6</size>
         <input_file_ref idref="fl-1e"/>
      </object_component>
      <object_component id="oc-ad">
         <name>.text:UARTClockSourceSet</name>
         <load_address>0x3cc4</load_address>
         <run_address>0x3cc4</run_address>
         <size>0x6</size>
         <input_file_ref idref="fl-1f"/>
      </object_component>
      <object_component id="oc-e9">
         <name>.text:UARTIntClear</name>
         <load_address>0x3cca</load_address>
         <run_address>0x3cca</run_address>
         <size>0x4</size>
         <input_file_ref idref="fl-1f"/>
      </object_component>
      <object_component id="oc-130">
         <name>.text:_system_pre_init</name>
         <load_address>0x3cce</load_address>
         <run_address>0x3cce</run_address>
         <size>0x4</size>
         <input_file_ref idref="fl-e0"/>
      </object_component>
      <object_component id="oc-225">
         <name>.text:abort:abort</name>
         <load_address>0x3cd2</load_address>
         <run_address>0x3cd2</run_address>
         <size>0x4</size>
         <input_file_ref idref="fl-e2"/>
      </object_component>
      <object_component id="oc-18a">
         <name>.const:g_pui32GPIOBaseAddrs</name>
         <load_address>0x3cd8</load_address>
         <run_address>0x3cd8</run_address>
         <size>0x90</size>
         <input_file_ref idref="fl-1c"/>
      </object_component>
      <object_component id="oc-1d7">
         <name>.const:g_pui32EnRegs</name>
         <load_address>0x3d68</load_address>
         <run_address>0x3d68</run_address>
         <size>0x14</size>
         <input_file_ref idref="fl-1d"/>
      </object_component>
      <object_component id="oc-2cc">
         <name>.const:.string</name>
         <load_address>0x3d7c</load_address>
         <run_address>0x3d7c</run_address>
         <size>0x12</size>
         <input_file_ref idref="fl-16"/>
      </object_component>
      <object_component id="oc-1bc">
         <name>.const:g_ui32UARTBase</name>
         <load_address>0x3d90</load_address>
         <run_address>0x3d90</run_address>
         <size>0xc</size>
         <input_file_ref idref="fl-16"/>
      </object_component>
      <object_component id="oc-1b6">
         <name>.const:g_ui32UARTPeriph</name>
         <load_address>0x3d9c</load_address>
         <run_address>0x3d9c</run_address>
         <size>0xc</size>
         <input_file_ref idref="fl-16"/>
      </object_component>
      <object_component id="oc-1e9">
         <name>.const:ledPin</name>
         <load_address>0x3da8</load_address>
         <run_address>0x3da8</run_address>
         <size>0xc</size>
         <input_file_ref idref="fl-13"/>
      </object_component>
      <object_component id="oc-1ec">
         <name>.const:ledSetVal</name>
         <load_address>0x3db4</load_address>
         <run_address>0x3db4</run_address>
         <size>0xc</size>
         <input_file_ref idref="fl-13"/>
      </object_component>
      <object_component id="oc-82">
         <name>.const</name>
         <load_address>0x3dc0</load_address>
         <run_address>0x3dc0</run_address>
         <size>0x4</size>
         <input_file_ref idref="fl-c"/>
      </object_component>
      <object_component id="oc-1c4">
         <name>.const</name>
         <load_address>0x3dc4</load_address>
         <run_address>0x3dc4</run_address>
         <size>0x4</size>
         <input_file_ref idref="fl-16"/>
      </object_component>
      <object_component id="oc-382">
         <name>.cinit..data.load</name>
         <load_address>0x3dc8</load_address>
         <run_address>0x3dc8</run_address>
         <size>0xf</size>
      </object_component>
      <object_component id="oc-380">
         <name>__TI_handler_table</name>
         <load_address>0x3dd8</load_address>
         <run_address>0x3dd8</run_address>
         <size>0xc</size>
      </object_component>
      <object_component id="oc-383">
         <name>.cinit..bss.load</name>
         <load_address>0x3de8</load_address>
         <run_address>0x3de8</run_address>
         <size>0x8</size>
      </object_component>
      <object_component id="oc-381">
         <name>__TI_cinit_table</name>
         <load_address>0x3df0</load_address>
         <run_address>0x3df0</run_address>
         <size>0x10</size>
      </object_component>
      <object_component id="oc-279">
         <name>.data</name>
         <load_address>0x20007974</load_address>
         <run_address>0x20007974</run_address>
         <size>0x8</size>
         <input_file_ref idref="fl-a"/>
      </object_component>
      <object_component id="oc-8c">
         <name>.data</name>
         <load_address>0x20007984</load_address>
         <run_address>0x20007984</run_address>
         <size>0x4</size>
         <input_file_ref idref="fl-c"/>
      </object_component>
      <object_component id="oc-7f">
         <name>.data</name>
         <load_address>0x20007940</load_address>
         <run_address>0x20007940</run_address>
         <size>0x34</size>
         <input_file_ref idref="fl-10"/>
      </object_component>
      <object_component id="oc-1b9">
         <name>.data</name>
         <load_address>0x2000797c</load_address>
         <run_address>0x2000797c</run_address>
         <size>0x5</size>
         <input_file_ref idref="fl-16"/>
      </object_component>
      <object_component id="oc-282">
         <name>.bss:ucHeap</name>
         <uninitialized>true</uninitialized>
         <run_address>0x20000000</run_address>
         <size>0x7530</size>
         <input_file_ref idref="fl-a"/>
      </object_component>
      <object_component id="oc-27c">
         <name>.bss:xStart</name>
         <uninitialized>true</uninitialized>
         <run_address>0x20007734</run_address>
         <size>0x8</size>
         <input_file_ref idref="fl-a"/>
      </object_component>
      <object_component id="oc-27f">
         <name>.bss:xEnd</name>
         <uninitialized>true</uninitialized>
         <run_address>0x2000772c</run_address>
         <size>0x8</size>
         <input_file_ref idref="fl-a"/>
      </object_component>
      <object_component id="oc-158">
         <name>.bss:pxReadyTasksLists</name>
         <uninitialized>true</uninitialized>
         <run_address>0x20007530</run_address>
         <size>0x140</size>
         <input_file_ref idref="fl-10"/>
      </object_component>
      <object_component id="oc-167">
         <name>.bss:xDelayedTaskList1</name>
         <uninitialized>true</uninitialized>
         <run_address>0x200076c0</run_address>
         <size>0x14</size>
         <input_file_ref idref="fl-10"/>
      </object_component>
      <object_component id="oc-16a">
         <name>.bss:xDelayedTaskList2</name>
         <uninitialized>true</uninitialized>
         <run_address>0x200076d4</run_address>
         <size>0x14</size>
         <input_file_ref idref="fl-10"/>
      </object_component>
      <object_component id="oc-15e">
         <name>.bss</name>
         <uninitialized>true</uninitialized>
         <run_address>0x20007724</run_address>
         <size>0x8</size>
         <input_file_ref idref="fl-10"/>
      </object_component>
      <object_component id="oc-164">
         <name>.bss:xPendingReadyList</name>
         <uninitialized>true</uninitialized>
         <run_address>0x200076e8</run_address>
         <size>0x14</size>
         <input_file_ref idref="fl-10"/>
      </object_component>
      <object_component id="oc-15b">
         <name>.bss:xTasksWaitingTermination</name>
         <uninitialized>true</uninitialized>
         <run_address>0x20007710</run_address>
         <size>0x14</size>
         <input_file_ref idref="fl-10"/>
      </object_component>
      <object_component id="oc-161">
         <name>.bss:xSuspendedTaskList</name>
         <uninitialized>true</uninitialized>
         <run_address>0x200076fc</run_address>
         <size>0x14</size>
         <input_file_ref idref="fl-10"/>
      </object_component>
      <object_component id="oc-fb">
         <name>.common:xQueue</name>
         <uninitialized>true</uninitialized>
         <run_address>0x2000773c</run_address>
         <size>0x4</size>
      </object_component>
      <object_component id="oc-1fc">
         <name>.common:xQueueRegistry</name>
         <uninitialized>true</uninitialized>
         <run_address>0x20007670</run_address>
         <size>0x50</size>
      </object_component>
      <object_component id="oc-24">
         <name>.stack</name>
         <uninitialized>true</uninitialized>
         <run_address>0x20007740</run_address>
         <size>0x4</size>
         <input_file_ref idref="fl-dd"/>
      </object_component>
      <object_component id="oc-385">
         <name>.stack</name>
         <uninitialized>true</uninitialized>
         <run_address>0x20007740</run_address>
         <size>0x0</size>
      </object_component>
      <object_component id="oc-40">
         <name>.debug_info</name>
         <load_address>0x0</load_address>
         <run_address>0x0</run_address>
         <size>0x33b</size>
         <input_file_ref idref="fl-2"/>
      </object_component>
      <object_component id="oc-13">
         <name>.debug_info</name>
         <load_address>0x33b</load_address>
         <run_address>0x33b</run_address>
         <size>0xd6</size>
         <input_file_ref idref="fl-2"/>
      </object_component>
      <object_component id="oc-28">
         <name>.debug_info</name>
         <load_address>0x411</load_address>
         <run_address>0x411</run_address>
         <size>0x252</size>
         <input_file_ref idref="fl-2"/>
      </object_component>
      <object_component id="oc-110">
         <name>.debug_info</name>
         <load_address>0x663</load_address>
         <run_address>0x663</run_address>
         <size>0x26b</size>
         <input_file_ref idref="fl-2"/>
      </object_component>
      <object_component id="oc-47">
         <name>.debug_info</name>
         <load_address>0x8ce</load_address>
         <run_address>0x8ce</run_address>
         <size>0x84</size>
         <input_file_ref idref="fl-2"/>
      </object_component>
      <object_component id="oc-210">
         <name>.debug_info</name>
         <load_address>0x952</load_address>
         <run_address>0x952</run_address>
         <size>0x2a4</size>
         <input_file_ref idref="fl-2"/>
      </object_component>
      <object_component id="oc-109">
         <name>.debug_info</name>
         <load_address>0xbf6</load_address>
         <run_address>0xbf6</run_address>
         <size>0xbb</size>
         <input_file_ref idref="fl-2"/>
      </object_component>
      <object_component id="oc-104">
         <name>.debug_info</name>
         <load_address>0xcb1</load_address>
         <run_address>0xcb1</run_address>
         <size>0x48</size>
         <input_file_ref idref="fl-3"/>
      </object_component>
      <object_component id="oc-1c9">
         <name>.debug_info</name>
         <load_address>0xcf9</load_address>
         <run_address>0xcf9</run_address>
         <size>0x2c</size>
         <input_file_ref idref="fl-3"/>
      </object_component>
      <object_component id="oc-1f0">
         <name>.debug_info</name>
         <load_address>0xd25</load_address>
         <run_address>0xd25</run_address>
         <size>0x68</size>
         <input_file_ref idref="fl-3"/>
      </object_component>
      <object_component id="oc-181">
         <name>.debug_info</name>
         <load_address>0xd8d</load_address>
         <run_address>0xd8d</run_address>
         <size>0x50f</size>
         <input_file_ref idref="fl-5"/>
      </object_component>
      <object_component id="oc-145">
         <name>.debug_info</name>
         <load_address>0x129c</load_address>
         <run_address>0x129c</run_address>
         <size>0x30c</size>
         <input_file_ref idref="fl-5"/>
      </object_component>
      <object_component id="oc-17c">
         <name>.debug_info</name>
         <load_address>0x15a8</load_address>
         <run_address>0x15a8</run_address>
         <size>0x44c</size>
         <input_file_ref idref="fl-5"/>
      </object_component>
      <object_component id="oc-200">
         <name>.debug_info</name>
         <load_address>0x19f4</load_address>
         <run_address>0x19f4</run_address>
         <size>0x46</size>
         <input_file_ref idref="fl-5"/>
      </object_component>
      <object_component id="oc-91">
         <name>.debug_info</name>
         <load_address>0x1a3a</load_address>
         <run_address>0x1a3a</run_address>
         <size>0x2c</size>
         <input_file_ref idref="fl-5"/>
      </object_component>
      <object_component id="oc-172">
         <name>.debug_info</name>
         <load_address>0x1a66</load_address>
         <run_address>0x1a66</run_address>
         <size>0x53</size>
         <input_file_ref idref="fl-5"/>
      </object_component>
      <object_component id="oc-96">
         <name>.debug_info</name>
         <load_address>0x1ab9</load_address>
         <run_address>0x1ab9</run_address>
         <size>0x53</size>
         <input_file_ref idref="fl-5"/>
      </object_component>
      <object_component id="oc-177">
         <name>.debug_info</name>
         <load_address>0x1b0c</load_address>
         <run_address>0x1b0c</run_address>
         <size>0x14c</size>
         <input_file_ref idref="fl-5"/>
      </object_component>
      <object_component id="oc-fc">
         <name>.debug_info</name>
         <load_address>0x1c58</load_address>
         <run_address>0x1c58</run_address>
         <size>0x89e</size>
         <input_file_ref idref="fl-6"/>
      </object_component>
      <object_component id="oc-39">
         <name>.debug_info</name>
         <load_address>0x24f6</load_address>
         <run_address>0x24f6</run_address>
         <size>0xa02</size>
         <input_file_ref idref="fl-6"/>
      </object_component>
      <object_component id="oc-ff">
         <name>.debug_info</name>
         <load_address>0x2ef8</load_address>
         <run_address>0x2ef8</run_address>
         <size>0x8b</size>
         <input_file_ref idref="fl-6"/>
      </object_component>
      <object_component id="oc-2e5">
         <name>.debug_info</name>
         <load_address>0x2f83</load_address>
         <run_address>0x2f83</run_address>
         <size>0x5f8</size>
         <input_file_ref idref="fl-9"/>
      </object_component>
      <object_component id="oc-205">
         <name>.debug_info</name>
         <load_address>0x357b</load_address>
         <run_address>0x357b</run_address>
         <size>0x110</size>
         <input_file_ref idref="fl-9"/>
      </object_component>
      <object_component id="oc-274">
         <name>.debug_info</name>
         <load_address>0x368b</load_address>
         <run_address>0x368b</run_address>
         <size>0x44c</size>
         <input_file_ref idref="fl-9"/>
      </object_component>
      <object_component id="oc-31d">
         <name>.debug_info</name>
         <load_address>0x3ad7</load_address>
         <run_address>0x3ad7</run_address>
         <size>0x39</size>
         <input_file_ref idref="fl-9"/>
      </object_component>
      <object_component id="oc-265">
         <name>.debug_info</name>
         <load_address>0x3b10</load_address>
         <run_address>0x3b10</run_address>
         <size>0x46</size>
         <input_file_ref idref="fl-9"/>
      </object_component>
      <object_component id="oc-322">
         <name>.debug_info</name>
         <load_address>0x3b56</load_address>
         <run_address>0x3b56</run_address>
         <size>0x76</size>
         <input_file_ref idref="fl-9"/>
      </object_component>
      <object_component id="oc-286">
         <name>.debug_info</name>
         <load_address>0x3bcc</load_address>
         <run_address>0x3bcc</run_address>
         <size>0x3df</size>
         <input_file_ref idref="fl-a"/>
      </object_component>
      <object_component id="oc-283">
         <name>.debug_info</name>
         <load_address>0x3fab</load_address>
         <run_address>0x3fab</run_address>
         <size>0xc6</size>
         <input_file_ref idref="fl-a"/>
      </object_component>
      <object_component id="oc-27d">
         <name>.debug_info</name>
         <load_address>0x4071</load_address>
         <run_address>0x4071</run_address>
         <size>0xc6</size>
         <input_file_ref idref="fl-a"/>
      </object_component>
      <object_component id="oc-280">
         <name>.debug_info</name>
         <load_address>0x4137</load_address>
         <run_address>0x4137</run_address>
         <size>0xc2</size>
         <input_file_ref idref="fl-a"/>
      </object_component>
      <object_component id="oc-27a">
         <name>.debug_info</name>
         <load_address>0x41f9</load_address>
         <run_address>0x41f9</run_address>
         <size>0xe0</size>
         <input_file_ref idref="fl-a"/>
      </object_component>
      <object_component id="oc-14d">
         <name>.debug_info</name>
         <load_address>0x42d9</load_address>
         <run_address>0x42d9</run_address>
         <size>0x5d2</size>
         <input_file_ref idref="fl-a"/>
      </object_component>
      <object_component id="oc-30a">
         <name>.debug_info</name>
         <load_address>0x48ab</load_address>
         <run_address>0x48ab</run_address>
         <size>0x62</size>
         <input_file_ref idref="fl-a"/>
      </object_component>
      <object_component id="oc-288">
         <name>.debug_info</name>
         <load_address>0x490d</load_address>
         <run_address>0x490d</run_address>
         <size>0x34c</size>
         <input_file_ref idref="fl-b"/>
      </object_component>
      <object_component id="oc-155">
         <name>.debug_info</name>
         <load_address>0x4c59</load_address>
         <run_address>0x4c59</run_address>
         <size>0x4d4</size>
         <input_file_ref idref="fl-b"/>
      </object_component>
      <object_component id="oc-90">
         <name>.debug_info</name>
         <load_address>0x512d</load_address>
         <run_address>0x512d</run_address>
         <size>0x3cb</size>
         <input_file_ref idref="fl-c"/>
      </object_component>
      <object_component id="oc-83">
         <name>.debug_info</name>
         <load_address>0x54f8</load_address>
         <run_address>0x54f8</run_address>
         <size>0xf3</size>
         <input_file_ref idref="fl-c"/>
      </object_component>
      <object_component id="oc-8d">
         <name>.debug_info</name>
         <load_address>0x55eb</load_address>
         <run_address>0x55eb</run_address>
         <size>0xda</size>
         <input_file_ref idref="fl-c"/>
      </object_component>
      <object_component id="oc-34">
         <name>.debug_info</name>
         <load_address>0x56c5</load_address>
         <run_address>0x56c5</run_address>
         <size>0x58a</size>
         <input_file_ref idref="fl-c"/>
      </object_component>
      <object_component id="oc-30">
         <name>.debug_info</name>
         <load_address>0x5c4f</load_address>
         <run_address>0x5c4f</run_address>
         <size>0x228</size>
         <input_file_ref idref="fl-d"/>
      </object_component>
      <object_component id="oc-1fd">
         <name>.debug_info</name>
         <load_address>0x5e77</load_address>
         <run_address>0x5e77</run_address>
         <size>0x814</size>
         <input_file_ref idref="fl-e"/>
      </object_component>
      <object_component id="oc-de">
         <name>.debug_info</name>
         <load_address>0x668b</load_address>
         <run_address>0x668b</run_address>
         <size>0x345f</size>
         <input_file_ref idref="fl-e"/>
      </object_component>
      <object_component id="oc-2e0">
         <name>.debug_info</name>
         <load_address>0x9aea</load_address>
         <run_address>0x9aea</run_address>
         <size>0x1cd</size>
         <input_file_ref idref="fl-e"/>
      </object_component>
      <object_component id="oc-26a">
         <name>.debug_info</name>
         <load_address>0x9cb7</load_address>
         <run_address>0x9cb7</run_address>
         <size>0x35</size>
         <input_file_ref idref="fl-e"/>
      </object_component>
      <object_component id="oc-21c">
         <name>.debug_info</name>
         <load_address>0x9cec</load_address>
         <run_address>0x9cec</run_address>
         <size>0x2c</size>
         <input_file_ref idref="fl-f"/>
      </object_component>
      <object_component id="oc-144">
         <name>.debug_info</name>
         <load_address>0x9d18</load_address>
         <run_address>0x9d18</run_address>
         <size>0x775</size>
         <input_file_ref idref="fl-10"/>
      </object_component>
      <object_component id="oc-80">
         <name>.debug_info</name>
         <load_address>0xa48d</load_address>
         <run_address>0xa48d</run_address>
         <size>0x335</size>
         <input_file_ref idref="fl-10"/>
      </object_component>
      <object_component id="oc-159">
         <name>.debug_info</name>
         <load_address>0xa7c2</load_address>
         <run_address>0xa7c2</run_address>
         <size>0xdc</size>
         <input_file_ref idref="fl-10"/>
      </object_component>
      <object_component id="oc-168">
         <name>.debug_info</name>
         <load_address>0xa89e</load_address>
         <run_address>0xa89e</run_address>
         <size>0xdc</size>
         <input_file_ref idref="fl-10"/>
      </object_component>
      <object_component id="oc-16b">
         <name>.debug_info</name>
         <load_address>0xa97a</load_address>
         <run_address>0xa97a</run_address>
         <size>0xdc</size>
         <input_file_ref idref="fl-10"/>
      </object_component>
      <object_component id="oc-15f">
         <name>.debug_info</name>
         <load_address>0xaa56</load_address>
         <run_address>0xaa56</run_address>
         <size>0x11f</size>
         <input_file_ref idref="fl-10"/>
      </object_component>
      <object_component id="oc-165">
         <name>.debug_info</name>
         <load_address>0xab75</load_address>
         <run_address>0xab75</run_address>
         <size>0xdc</size>
         <input_file_ref idref="fl-10"/>
      </object_component>
      <object_component id="oc-15c">
         <name>.debug_info</name>
         <load_address>0xac51</load_address>
         <run_address>0xac51</run_address>
         <size>0xea</size>
         <input_file_ref idref="fl-10"/>
      </object_component>
      <object_component id="oc-162">
         <name>.debug_info</name>
         <load_address>0xad3b</load_address>
         <run_address>0xad3b</run_address>
         <size>0xde</size>
         <input_file_ref idref="fl-10"/>
      </object_component>
      <object_component id="oc-86">
         <name>.debug_info</name>
         <load_address>0xae19</load_address>
         <run_address>0xae19</run_address>
         <size>0x4b37</size>
         <input_file_ref idref="fl-10"/>
      </object_component>
      <object_component id="oc-26f">
         <name>.debug_info</name>
         <load_address>0xf950</load_address>
         <run_address>0xf950</run_address>
         <size>0x146</size>
         <input_file_ref idref="fl-10"/>
      </object_component>
      <object_component id="oc-2da">
         <name>.debug_info</name>
         <load_address>0xfa96</load_address>
         <run_address>0xfa96</run_address>
         <size>0x312</size>
         <input_file_ref idref="fl-13"/>
      </object_component>
      <object_component id="oc-1ed">
         <name>.debug_info</name>
         <load_address>0xfda8</load_address>
         <run_address>0xfda8</run_address>
         <size>0xc2</size>
         <input_file_ref idref="fl-13"/>
      </object_component>
      <object_component id="oc-1ea">
         <name>.debug_info</name>
         <load_address>0xfe6a</load_address>
         <run_address>0xfe6a</run_address>
         <size>0xbc</size>
         <input_file_ref idref="fl-13"/>
      </object_component>
      <object_component id="oc-d3">
         <name>.debug_info</name>
         <load_address>0xff26</load_address>
         <run_address>0xff26</run_address>
         <size>0x1ec</size>
         <input_file_ref idref="fl-13"/>
      </object_component>
      <object_component id="oc-db">
         <name>.debug_info</name>
         <load_address>0x10112</load_address>
         <run_address>0x10112</run_address>
         <size>0x20c</size>
         <input_file_ref idref="fl-15"/>
      </object_component>
      <object_component id="oc-1c8">
         <name>.debug_info</name>
         <load_address>0x1031e</load_address>
         <run_address>0x1031e</run_address>
         <size>0x3d2</size>
         <input_file_ref idref="fl-16"/>
      </object_component>
      <object_component id="oc-1ba">
         <name>.debug_info</name>
         <load_address>0x106f0</load_address>
         <run_address>0x106f0</run_address>
         <size>0xc9</size>
         <input_file_ref idref="fl-16"/>
      </object_component>
      <object_component id="oc-1c5">
         <name>.debug_info</name>
         <load_address>0x107b9</load_address>
         <run_address>0x107b9</run_address>
         <size>0xc3</size>
         <input_file_ref idref="fl-16"/>
      </object_component>
      <object_component id="oc-1bd">
         <name>.debug_info</name>
         <load_address>0x1087c</load_address>
         <run_address>0x1087c</run_address>
         <size>0xd1</size>
         <input_file_ref idref="fl-16"/>
      </object_component>
      <object_component id="oc-1b7">
         <name>.debug_info</name>
         <load_address>0x1094d</load_address>
         <run_address>0x1094d</run_address>
         <size>0xd5</size>
         <input_file_ref idref="fl-16"/>
      </object_component>
      <object_component id="oc-b6">
         <name>.debug_info</name>
         <load_address>0x10a22</load_address>
         <run_address>0x10a22</run_address>
         <size>0x7c6</size>
         <input_file_ref idref="fl-16"/>
      </object_component>
      <object_component id="oc-18e">
         <name>.debug_info</name>
         <load_address>0x111e8</load_address>
         <run_address>0x111e8</run_address>
         <size>0x3e4</size>
         <input_file_ref idref="fl-1c"/>
      </object_component>
      <object_component id="oc-18b">
         <name>.debug_info</name>
         <load_address>0x115cc</load_address>
         <run_address>0x115cc</run_address>
         <size>0x164</size>
         <input_file_ref idref="fl-1c"/>
      </object_component>
      <object_component id="oc-1e7">
         <name>.debug_info</name>
         <load_address>0x11730</load_address>
         <run_address>0x11730</run_address>
         <size>0x2ac</size>
         <input_file_ref idref="fl-1c"/>
      </object_component>
      <object_component id="oc-193">
         <name>.debug_info</name>
         <load_address>0x119dc</load_address>
         <run_address>0x119dc</run_address>
         <size>0x2bc</size>
         <input_file_ref idref="fl-1c"/>
      </object_component>
      <object_component id="oc-199">
         <name>.debug_info</name>
         <load_address>0x11c98</load_address>
         <run_address>0x11c98</run_address>
         <size>0x31f</size>
         <input_file_ref idref="fl-1c"/>
      </object_component>
      <object_component id="oc-ab">
         <name>.debug_info</name>
         <load_address>0x11fb7</load_address>
         <run_address>0x11fb7</run_address>
         <size>0x29b</size>
         <input_file_ref idref="fl-1c"/>
      </object_component>
      <object_component id="oc-1e1">
         <name>.debug_info</name>
         <load_address>0x12252</load_address>
         <run_address>0x12252</run_address>
         <size>0x2c0</size>
         <input_file_ref idref="fl-1c"/>
      </object_component>
      <object_component id="oc-1f9">
         <name>.debug_info</name>
         <load_address>0x12512</load_address>
         <run_address>0x12512</run_address>
         <size>0x284</size>
         <input_file_ref idref="fl-1c"/>
      </object_component>
      <object_component id="oc-a5">
         <name>.debug_info</name>
         <load_address>0x12796</load_address>
         <run_address>0x12796</run_address>
         <size>0x289</size>
         <input_file_ref idref="fl-1c"/>
      </object_component>
      <object_component id="oc-2a9">
         <name>.debug_info</name>
         <load_address>0x12a1f</load_address>
         <run_address>0x12a1f</run_address>
         <size>0x26b</size>
         <input_file_ref idref="fl-1c"/>
      </object_component>
      <object_component id="oc-299">
         <name>.debug_info</name>
         <load_address>0x12c8a</load_address>
         <run_address>0x12c8a</run_address>
         <size>0x297</size>
         <input_file_ref idref="fl-1c"/>
      </object_component>
      <object_component id="oc-2a4">
         <name>.debug_info</name>
         <load_address>0x12f21</load_address>
         <run_address>0x12f21</run_address>
         <size>0xef</size>
         <input_file_ref idref="fl-1c"/>
      </object_component>
      <object_component id="oc-184">
         <name>.debug_info</name>
         <load_address>0x13010</load_address>
         <run_address>0x13010</run_address>
         <size>0xbb</size>
         <input_file_ref idref="fl-1c"/>
      </object_component>
      <object_component id="oc-1db">
         <name>.debug_info</name>
         <load_address>0x130cb</load_address>
         <run_address>0x130cb</run_address>
         <size>0x3b7</size>
         <input_file_ref idref="fl-1d"/>
      </object_component>
      <object_component id="oc-1d8">
         <name>.debug_info</name>
         <load_address>0x13482</load_address>
         <run_address>0x13482</run_address>
         <size>0x15b</size>
         <input_file_ref idref="fl-1d"/>
      </object_component>
      <object_component id="oc-c1">
         <name>.debug_info</name>
         <load_address>0x135dd</load_address>
         <run_address>0x135dd</run_address>
         <size>0x247</size>
         <input_file_ref idref="fl-1d"/>
      </object_component>
      <object_component id="oc-c6">
         <name>.debug_info</name>
         <load_address>0x13824</load_address>
         <run_address>0x13824</run_address>
         <size>0x271</size>
         <input_file_ref idref="fl-1d"/>
      </object_component>
      <object_component id="oc-189">
         <name>.debug_info</name>
         <load_address>0x13a95</load_address>
         <run_address>0x13a95</run_address>
         <size>0x441</size>
         <input_file_ref idref="fl-1e"/>
      </object_component>
      <object_component id="oc-1a0">
         <name>.debug_info</name>
         <load_address>0x13ed6</load_address>
         <run_address>0x13ed6</run_address>
         <size>0x28c</size>
         <input_file_ref idref="fl-1e"/>
      </object_component>
      <object_component id="oc-9d">
         <name>.debug_info</name>
         <load_address>0x14162</load_address>
         <run_address>0x14162</run_address>
         <size>0x286</size>
         <input_file_ref idref="fl-1e"/>
      </object_component>
      <object_component id="oc-bb">
         <name>.debug_info</name>
         <load_address>0x143e8</load_address>
         <run_address>0x143e8</run_address>
         <size>0x2e4</size>
         <input_file_ref idref="fl-1e"/>
      </object_component>
      <object_component id="oc-2a0">
         <name>.debug_info</name>
         <load_address>0x146cc</load_address>
         <run_address>0x146cc</run_address>
         <size>0x51</size>
         <input_file_ref idref="fl-1e"/>
      </object_component>
      <object_component id="oc-19d">
         <name>.debug_info</name>
         <load_address>0x1471d</load_address>
         <run_address>0x1471d</run_address>
         <size>0x3cb</size>
         <input_file_ref idref="fl-1f"/>
      </object_component>
      <object_component id="oc-e4">
         <name>.debug_info</name>
         <load_address>0x14ae8</load_address>
         <run_address>0x14ae8</run_address>
         <size>0x288</size>
         <input_file_ref idref="fl-1f"/>
      </object_component>
      <object_component id="oc-cc">
         <name>.debug_info</name>
         <load_address>0x14d70</load_address>
         <run_address>0x14d70</run_address>
         <size>0x298</size>
         <input_file_ref idref="fl-1f"/>
      </object_component>
      <object_component id="oc-ea">
         <name>.debug_info</name>
         <load_address>0x15008</load_address>
         <run_address>0x15008</run_address>
         <size>0x296</size>
         <input_file_ref idref="fl-1f"/>
      </object_component>
      <object_component id="oc-1ab">
         <name>.debug_info</name>
         <load_address>0x1529e</load_address>
         <run_address>0x1529e</run_address>
         <size>0x250</size>
         <input_file_ref idref="fl-1f"/>
      </object_component>
      <object_component id="oc-2b8">
         <name>.debug_info</name>
         <load_address>0x154ee</load_address>
         <run_address>0x154ee</run_address>
         <size>0x252</size>
         <input_file_ref idref="fl-1f"/>
      </object_component>
      <object_component id="oc-1a6">
         <name>.debug_info</name>
         <load_address>0x15740</load_address>
         <run_address>0x15740</run_address>
         <size>0x32f</size>
         <input_file_ref idref="fl-1f"/>
      </object_component>
      <object_component id="oc-af">
         <name>.debug_info</name>
         <load_address>0x15a6f</load_address>
         <run_address>0x15a6f</run_address>
         <size>0x29a</size>
         <input_file_ref idref="fl-1f"/>
      </object_component>
      <object_component id="oc-f7">
         <name>.debug_info</name>
         <load_address>0x15d09</load_address>
         <run_address>0x15d09</run_address>
         <size>0x25c</size>
         <input_file_ref idref="fl-1f"/>
      </object_component>
      <object_component id="oc-1b2">
         <name>.debug_info</name>
         <load_address>0x15f65</load_address>
         <run_address>0x15f65</run_address>
         <size>0x27c</size>
         <input_file_ref idref="fl-1f"/>
      </object_component>
      <object_component id="oc-f1">
         <name>.debug_info</name>
         <load_address>0x161e1</load_address>
         <run_address>0x161e1</run_address>
         <size>0x256</size>
         <input_file_ref idref="fl-1f"/>
      </object_component>
      <object_component id="oc-1d1">
         <name>.debug_info</name>
         <load_address>0x16437</load_address>
         <run_address>0x16437</run_address>
         <size>0x21b</size>
         <input_file_ref idref="fl-20"/>
      </object_component>
      <object_component id="oc-4d">
         <name>.debug_info</name>
         <load_address>0x16652</load_address>
         <run_address>0x16652</run_address>
         <size>0x119</size>
         <input_file_ref idref="fl-d7"/>
      </object_component>
      <object_component id="oc-1c2">
         <name>.debug_info</name>
         <load_address>0x1676b</load_address>
         <run_address>0x1676b</run_address>
         <size>0x142</size>
         <input_file_ref idref="fl-d8"/>
      </object_component>
      <object_component id="oc-12b">
         <name>.debug_info</name>
         <load_address>0x168ad</load_address>
         <run_address>0x168ad</run_address>
         <size>0x147</size>
         <input_file_ref idref="fl-d9"/>
      </object_component>
      <object_component id="oc-129">
         <name>.debug_info</name>
         <load_address>0x169f4</load_address>
         <run_address>0x169f4</run_address>
         <size>0x2d4</size>
         <input_file_ref idref="fl-da"/>
      </object_component>
      <object_component id="oc-62">
         <name>.debug_info</name>
         <load_address>0x16cc8</load_address>
         <run_address>0x16cc8</run_address>
         <size>0x1b5</size>
         <input_file_ref idref="fl-da"/>
      </object_component>
      <object_component id="oc-124">
         <name>.debug_info</name>
         <load_address>0x16e7d</load_address>
         <run_address>0x16e7d</run_address>
         <size>0x46</size>
         <input_file_ref idref="fl-da"/>
      </object_component>
      <object_component id="oc-57">
         <name>.debug_info</name>
         <load_address>0x16ec3</load_address>
         <run_address>0x16ec3</run_address>
         <size>0x2a8</size>
         <input_file_ref idref="fl-db"/>
      </object_component>
      <object_component id="oc-1c">
         <name>.debug_info</name>
         <load_address>0x1716b</load_address>
         <run_address>0x1716b</run_address>
         <size>0x1ea</size>
         <input_file_ref idref="fl-db"/>
      </object_component>
      <object_component id="oc-52">
         <name>.debug_info</name>
         <load_address>0x17355</load_address>
         <run_address>0x17355</run_address>
         <size>0x46</size>
         <input_file_ref idref="fl-db"/>
      </object_component>
      <object_component id="oc-11c">
         <name>.debug_info</name>
         <load_address>0x1739b</load_address>
         <run_address>0x1739b</run_address>
         <size>0x2c</size>
         <input_file_ref idref="fl-db"/>
      </object_component>
      <object_component id="oc-11a">
         <name>.debug_info</name>
         <load_address>0x173c7</load_address>
         <run_address>0x173c7</run_address>
         <size>0x29e</size>
         <input_file_ref idref="fl-dc"/>
      </object_component>
      <object_component id="oc-19">
         <name>.debug_info</name>
         <load_address>0x17665</load_address>
         <run_address>0x17665</run_address>
         <size>0x250</size>
         <input_file_ref idref="fl-dc"/>
      </object_component>
      <object_component id="oc-42">
         <name>.debug_info</name>
         <load_address>0x178b5</load_address>
         <run_address>0x178b5</run_address>
         <size>0x60</size>
         <input_file_ref idref="fl-dc"/>
      </object_component>
      <object_component id="oc-215">
         <name>.debug_info</name>
         <load_address>0x17915</load_address>
         <run_address>0x17915</run_address>
         <size>0x46</size>
         <input_file_ref idref="fl-dc"/>
      </object_component>
      <object_component id="oc-115">
         <name>.debug_info</name>
         <load_address>0x1795b</load_address>
         <run_address>0x1795b</run_address>
         <size>0x39</size>
         <input_file_ref idref="fl-dc"/>
      </object_component>
      <object_component id="oc-25">
         <name>.debug_info</name>
         <load_address>0x17994</load_address>
         <run_address>0x17994</run_address>
         <size>0x10b</size>
         <input_file_ref idref="fl-dd"/>
      </object_component>
      <object_component id="oc-6c">
         <name>.debug_info</name>
         <load_address>0x17a9f</load_address>
         <run_address>0x17a9f</run_address>
         <size>0x1a9</size>
         <input_file_ref idref="fl-dd"/>
      </object_component>
      <object_component id="oc-2c7">
         <name>.debug_info</name>
         <load_address>0x17c48</load_address>
         <run_address>0x17c48</run_address>
         <size>0x115</size>
         <input_file_ref idref="fl-de"/>
      </object_component>
      <object_component id="oc-2f1">
         <name>.debug_info</name>
         <load_address>0x17d5d</load_address>
         <run_address>0x17d5d</run_address>
         <size>0x4b3</size>
         <input_file_ref idref="fl-df"/>
      </object_component>
      <object_component id="oc-233">
         <name>.debug_info</name>
         <load_address>0x18210</load_address>
         <run_address>0x18210</run_address>
         <size>0x1a6</size>
         <input_file_ref idref="fl-df"/>
      </object_component>
      <object_component id="oc-337">
         <name>.debug_info</name>
         <load_address>0x183b6</load_address>
         <run_address>0x183b6</run_address>
         <size>0x39</size>
         <input_file_ref idref="fl-df"/>
      </object_component>
      <object_component id="oc-34b">
         <name>.debug_info</name>
         <load_address>0x183ef</load_address>
         <run_address>0x183ef</run_address>
         <size>0x39</size>
         <input_file_ref idref="fl-df"/>
      </object_component>
      <object_component id="oc-33c">
         <name>.debug_info</name>
         <load_address>0x18428</load_address>
         <run_address>0x18428</run_address>
         <size>0x39</size>
         <input_file_ref idref="fl-df"/>
      </object_component>
      <object_component id="oc-341">
         <name>.debug_info</name>
         <load_address>0x18461</load_address>
         <run_address>0x18461</run_address>
         <size>0xcd</size>
         <input_file_ref idref="fl-df"/>
      </object_component>
      <object_component id="oc-131">
         <name>.debug_info</name>
         <load_address>0x1852e</load_address>
         <run_address>0x1852e</run_address>
         <size>0x153</size>
         <input_file_ref idref="fl-e0"/>
      </object_component>
      <object_component id="oc-226">
         <name>.debug_info</name>
         <load_address>0x18681</load_address>
         <run_address>0x18681</run_address>
         <size>0x122</size>
         <input_file_ref idref="fl-e2"/>
      </object_component>
      <object_component id="oc-386">
         <name>.debug_info</name>
         <load_address>0x187a3</load_address>
         <run_address>0x187a3</run_address>
         <size>0x89</size>
      </object_component>
      <object_component id="oc-10f">
         <name>.debug_line</name>
         <load_address>0x0</load_address>
         <run_address>0x0</run_address>
         <size>0x41</size>
         <input_file_ref idref="fl-2"/>
      </object_component>
      <object_component id="oc-3f">
         <name>.debug_line</name>
         <load_address>0x41</load_address>
         <run_address>0x41</run_address>
         <size>0x41</size>
         <input_file_ref idref="fl-2"/>
      </object_component>
      <object_component id="oc-2b">
         <name>.debug_line</name>
         <load_address>0x82</load_address>
         <run_address>0x82</run_address>
         <size>0xa1</size>
         <input_file_ref idref="fl-2"/>
      </object_component>
      <object_component id="oc-113">
         <name>.debug_line</name>
         <load_address>0x123</load_address>
         <run_address>0x123</run_address>
         <size>0x69</size>
         <input_file_ref idref="fl-2"/>
      </object_component>
      <object_component id="oc-4a">
         <name>.debug_line</name>
         <load_address>0x18c</load_address>
         <run_address>0x18c</run_address>
         <size>0x20</size>
         <input_file_ref idref="fl-2"/>
      </object_component>
      <object_component id="oc-213">
         <name>.debug_line</name>
         <load_address>0x1ac</load_address>
         <run_address>0x1ac</run_address>
         <size>0x6d</size>
         <input_file_ref idref="fl-2"/>
      </object_component>
      <object_component id="oc-10c">
         <name>.debug_line</name>
         <load_address>0x219</load_address>
         <run_address>0x219</run_address>
         <size>0x6a</size>
         <input_file_ref idref="fl-2"/>
      </object_component>
      <object_component id="oc-107">
         <name>.debug_line</name>
         <load_address>0x283</load_address>
         <run_address>0x283</run_address>
         <size>0x4a</size>
         <input_file_ref idref="fl-3"/>
      </object_component>
      <object_component id="oc-1cc">
         <name>.debug_line</name>
         <load_address>0x2cd</load_address>
         <run_address>0x2cd</run_address>
         <size>0x65</size>
         <input_file_ref idref="fl-3"/>
      </object_component>
      <object_component id="oc-1f3">
         <name>.debug_line</name>
         <load_address>0x332</load_address>
         <run_address>0x332</run_address>
         <size>0x45</size>
         <input_file_ref idref="fl-3"/>
      </object_component>
      <object_component id="oc-298">
         <name>.debug_line</name>
         <load_address>0x377</load_address>
         <run_address>0x377</run_address>
         <size>0xe8</size>
         <input_file_ref idref="fl-5"/>
      </object_component>
      <object_component id="oc-148">
         <name>.debug_line</name>
         <load_address>0x45f</load_address>
         <run_address>0x45f</run_address>
         <size>0x47</size>
         <input_file_ref idref="fl-5"/>
      </object_component>
      <object_component id="oc-17f">
         <name>.debug_line</name>
         <load_address>0x4a6</load_address>
         <run_address>0x4a6</run_address>
         <size>0x4b</size>
         <input_file_ref idref="fl-5"/>
      </object_component>
      <object_component id="oc-203">
         <name>.debug_line</name>
         <load_address>0x4f1</load_address>
         <run_address>0x4f1</run_address>
         <size>0x48</size>
         <input_file_ref idref="fl-5"/>
      </object_component>
      <object_component id="oc-94">
         <name>.debug_line</name>
         <load_address>0x539</load_address>
         <run_address>0x539</run_address>
         <size>0x4b</size>
         <input_file_ref idref="fl-5"/>
      </object_component>
      <object_component id="oc-175">
         <name>.debug_line</name>
         <load_address>0x584</load_address>
         <run_address>0x584</run_address>
         <size>0x65</size>
         <input_file_ref idref="fl-5"/>
      </object_component>
      <object_component id="oc-99">
         <name>.debug_line</name>
         <load_address>0x5e9</load_address>
         <run_address>0x5e9</run_address>
         <size>0x53</size>
         <input_file_ref idref="fl-5"/>
      </object_component>
      <object_component id="oc-17a">
         <name>.debug_line</name>
         <load_address>0x63c</load_address>
         <run_address>0x63c</run_address>
         <size>0x47</size>
         <input_file_ref idref="fl-5"/>
      </object_component>
      <object_component id="oc-20f">
         <name>.debug_line</name>
         <load_address>0x683</load_address>
         <run_address>0x683</run_address>
         <size>0x1ed</size>
         <input_file_ref idref="fl-6"/>
      </object_component>
      <object_component id="oc-3c">
         <name>.debug_line</name>
         <load_address>0x870</load_address>
         <run_address>0x870</run_address>
         <size>0x179</size>
         <input_file_ref idref="fl-6"/>
      </object_component>
      <object_component id="oc-102">
         <name>.debug_line</name>
         <load_address>0x9e9</load_address>
         <run_address>0x9e9</run_address>
         <size>0x20</size>
         <input_file_ref idref="fl-6"/>
      </object_component>
      <object_component id="oc-31c">
         <name>.debug_line</name>
         <load_address>0xa09</load_address>
         <run_address>0xa09</run_address>
         <size>0xcc</size>
         <input_file_ref idref="fl-9"/>
      </object_component>
      <object_component id="oc-208">
         <name>.debug_line</name>
         <load_address>0xad5</load_address>
         <run_address>0xad5</run_address>
         <size>0x65</size>
         <input_file_ref idref="fl-9"/>
      </object_component>
      <object_component id="oc-277">
         <name>.debug_line</name>
         <load_address>0xb3a</load_address>
         <run_address>0xb3a</run_address>
         <size>0x4b</size>
         <input_file_ref idref="fl-9"/>
      </object_component>
      <object_component id="oc-320">
         <name>.debug_line</name>
         <load_address>0xb85</load_address>
         <run_address>0xb85</run_address>
         <size>0x4f</size>
         <input_file_ref idref="fl-9"/>
      </object_component>
      <object_component id="oc-268">
         <name>.debug_line</name>
         <load_address>0xbd4</load_address>
         <run_address>0xbd4</run_address>
         <size>0x49</size>
         <input_file_ref idref="fl-9"/>
      </object_component>
      <object_component id="oc-325">
         <name>.debug_line</name>
         <load_address>0xc1d</load_address>
         <run_address>0xc1d</run_address>
         <size>0x44</size>
         <input_file_ref idref="fl-9"/>
      </object_component>
      <object_component id="oc-314">
         <name>.debug_line</name>
         <load_address>0xc61</load_address>
         <run_address>0xc61</run_address>
         <size>0x47</size>
         <input_file_ref idref="fl-a"/>
      </object_component>
      <object_component id="oc-312">
         <name>.debug_line</name>
         <load_address>0xca8</load_address>
         <run_address>0xca8</run_address>
         <size>0x3e</size>
         <input_file_ref idref="fl-a"/>
      </object_component>
      <object_component id="oc-309">
         <name>.debug_line</name>
         <load_address>0xce6</load_address>
         <run_address>0xce6</run_address>
         <size>0x3e</size>
         <input_file_ref idref="fl-a"/>
      </object_component>
      <object_component id="oc-310">
         <name>.debug_line</name>
         <load_address>0xd24</load_address>
         <run_address>0xd24</run_address>
         <size>0x3e</size>
         <input_file_ref idref="fl-a"/>
      </object_component>
      <object_component id="oc-307">
         <name>.debug_line</name>
         <load_address>0xd62</load_address>
         <run_address>0xd62</run_address>
         <size>0x3e</size>
         <input_file_ref idref="fl-a"/>
      </object_component>
      <object_component id="oc-151">
         <name>.debug_line</name>
         <load_address>0xda0</load_address>
         <run_address>0xda0</run_address>
         <size>0x111</size>
         <input_file_ref idref="fl-a"/>
      </object_component>
      <object_component id="oc-30d">
         <name>.debug_line</name>
         <load_address>0xeb1</load_address>
         <run_address>0xeb1</run_address>
         <size>0x3e</size>
         <input_file_ref idref="fl-a"/>
      </object_component>
      <object_component id="oc-316">
         <name>.debug_line</name>
         <load_address>0xeef</load_address>
         <run_address>0xeef</run_address>
         <size>0x20</size>
         <input_file_ref idref="fl-b"/>
      </object_component>
      <object_component id="oc-157">
         <name>.debug_line</name>
         <load_address>0xf0f</load_address>
         <run_address>0xf0f</run_address>
         <size>0xee</size>
         <input_file_ref idref="fl-b"/>
      </object_component>
      <object_component id="oc-171">
         <name>.debug_line</name>
         <load_address>0xffd</load_address>
         <run_address>0xffd</run_address>
         <size>0x63</size>
         <input_file_ref idref="fl-c"/>
      </object_component>
      <object_component id="oc-14b">
         <name>.debug_line</name>
         <load_address>0x1060</load_address>
         <run_address>0x1060</run_address>
         <size>0x3c</size>
         <input_file_ref idref="fl-c"/>
      </object_component>
      <object_component id="oc-16f">
         <name>.debug_line</name>
         <load_address>0x109c</load_address>
         <run_address>0x109c</run_address>
         <size>0x3c</size>
         <input_file_ref idref="fl-c"/>
      </object_component>
      <object_component id="oc-37">
         <name>.debug_line</name>
         <load_address>0x10d8</load_address>
         <run_address>0x10d8</run_address>
         <size>0x13e</size>
         <input_file_ref idref="fl-c"/>
      </object_component>
      <object_component id="oc-2e">
         <name>.debug_line</name>
         <load_address>0x1216</load_address>
         <run_address>0x1216</run_address>
         <size>0xd1</size>
         <input_file_ref idref="fl-d"/>
      </object_component>
      <object_component id="oc-2df">
         <name>.debug_line</name>
         <load_address>0x12e7</load_address>
         <run_address>0x12e7</run_address>
         <size>0xe9</size>
         <input_file_ref idref="fl-e"/>
      </object_component>
      <object_component id="oc-e1">
         <name>.debug_line</name>
         <load_address>0x13d0</load_address>
         <run_address>0x13d0</run_address>
         <size>0x818</size>
         <input_file_ref idref="fl-e"/>
      </object_component>
      <object_component id="oc-2e3">
         <name>.debug_line</name>
         <load_address>0x1be8</load_address>
         <run_address>0x1be8</run_address>
         <size>0x3d</size>
         <input_file_ref idref="fl-e"/>
      </object_component>
      <object_component id="oc-26d">
         <name>.debug_line</name>
         <load_address>0x1c25</load_address>
         <run_address>0x1c25</run_address>
         <size>0x6e</size>
         <input_file_ref idref="fl-e"/>
      </object_component>
      <object_component id="oc-21f">
         <name>.debug_line</name>
         <load_address>0x1c93</load_address>
         <run_address>0x1c93</run_address>
         <size>0x65</size>
         <input_file_ref idref="fl-f"/>
      </object_component>
      <object_component id="oc-264">
         <name>.debug_line</name>
         <load_address>0x1cf8</load_address>
         <run_address>0x1cf8</run_address>
         <size>0x107</size>
         <input_file_ref idref="fl-10"/>
      </object_component>
      <object_component id="oc-143">
         <name>.debug_line</name>
         <load_address>0x1dff</load_address>
         <run_address>0x1dff</run_address>
         <size>0x3d</size>
         <input_file_ref idref="fl-10"/>
      </object_component>
      <object_component id="oc-28a">
         <name>.debug_line</name>
         <load_address>0x1e3c</load_address>
         <run_address>0x1e3c</run_address>
         <size>0x3d</size>
         <input_file_ref idref="fl-10"/>
      </object_component>
      <object_component id="oc-294">
         <name>.debug_line</name>
         <load_address>0x1e79</load_address>
         <run_address>0x1e79</run_address>
         <size>0x3d</size>
         <input_file_ref idref="fl-10"/>
      </object_component>
      <object_component id="oc-296">
         <name>.debug_line</name>
         <load_address>0x1eb6</load_address>
         <run_address>0x1eb6</run_address>
         <size>0x3d</size>
         <input_file_ref idref="fl-10"/>
      </object_component>
      <object_component id="oc-28e">
         <name>.debug_line</name>
         <load_address>0x1ef3</load_address>
         <run_address>0x1ef3</run_address>
         <size>0x3d</size>
         <input_file_ref idref="fl-10"/>
      </object_component>
      <object_component id="oc-292">
         <name>.debug_line</name>
         <load_address>0x1f30</load_address>
         <run_address>0x1f30</run_address>
         <size>0x3d</size>
         <input_file_ref idref="fl-10"/>
      </object_component>
      <object_component id="oc-28c">
         <name>.debug_line</name>
         <load_address>0x1f6d</load_address>
         <run_address>0x1f6d</run_address>
         <size>0x3d</size>
         <input_file_ref idref="fl-10"/>
      </object_component>
      <object_component id="oc-290">
         <name>.debug_line</name>
         <load_address>0x1faa</load_address>
         <run_address>0x1faa</run_address>
         <size>0x3d</size>
         <input_file_ref idref="fl-10"/>
      </object_component>
      <object_component id="oc-89">
         <name>.debug_line</name>
         <load_address>0x1fe7</load_address>
         <run_address>0x1fe7</run_address>
         <size>0xd6a</size>
         <input_file_ref idref="fl-10"/>
      </object_component>
      <object_component id="oc-272">
         <name>.debug_line</name>
         <load_address>0x2d51</load_address>
         <run_address>0x2d51</run_address>
         <size>0x3d</size>
         <input_file_ref idref="fl-10"/>
      </object_component>
      <object_component id="oc-31a">
         <name>.debug_line</name>
         <load_address>0x2d8e</load_address>
         <run_address>0x2d8e</run_address>
         <size>0x8e</size>
         <input_file_ref idref="fl-13"/>
      </object_component>
      <object_component id="oc-2dc">
         <name>.debug_line</name>
         <load_address>0x2e1c</load_address>
         <run_address>0x2e1c</run_address>
         <size>0x33</size>
         <input_file_ref idref="fl-13"/>
      </object_component>
      <object_component id="oc-2d9">
         <name>.debug_line</name>
         <load_address>0x2e4f</load_address>
         <run_address>0x2e4f</run_address>
         <size>0x33</size>
         <input_file_ref idref="fl-13"/>
      </object_component>
      <object_component id="oc-d6">
         <name>.debug_line</name>
         <load_address>0x2e82</load_address>
         <run_address>0x2e82</run_address>
         <size>0x69</size>
         <input_file_ref idref="fl-13"/>
      </object_component>
      <object_component id="oc-da">
         <name>.debug_line</name>
         <load_address>0x2eeb</load_address>
         <run_address>0x2eeb</run_address>
         <size>0x7e</size>
         <input_file_ref idref="fl-15"/>
      </object_component>
      <object_component id="oc-2d0">
         <name>.debug_line</name>
         <load_address>0x2f69</load_address>
         <run_address>0x2f69</run_address>
         <size>0x8e</size>
         <input_file_ref idref="fl-16"/>
      </object_component>
      <object_component id="oc-2c3">
         <name>.debug_line</name>
         <load_address>0x2ff7</load_address>
         <run_address>0x2ff7</run_address>
         <size>0x39</size>
         <input_file_ref idref="fl-16"/>
      </object_component>
      <object_component id="oc-2ce">
         <name>.debug_line</name>
         <load_address>0x3030</load_address>
         <run_address>0x3030</run_address>
         <size>0x39</size>
         <input_file_ref idref="fl-16"/>
      </object_component>
      <object_component id="oc-2c5">
         <name>.debug_line</name>
         <load_address>0x3069</load_address>
         <run_address>0x3069</run_address>
         <size>0x39</size>
         <input_file_ref idref="fl-16"/>
      </object_component>
      <object_component id="oc-2c1">
         <name>.debug_line</name>
         <load_address>0x30a2</load_address>
         <run_address>0x30a2</run_address>
         <size>0x39</size>
         <input_file_ref idref="fl-16"/>
      </object_component>
      <object_component id="oc-b5">
         <name>.debug_line</name>
         <load_address>0x30db</load_address>
         <run_address>0x30db</run_address>
         <size>0x287</size>
         <input_file_ref idref="fl-16"/>
      </object_component>
      <object_component id="oc-2b1">
         <name>.debug_line</name>
         <load_address>0x3362</load_address>
         <run_address>0x3362</run_address>
         <size>0x82</size>
         <input_file_ref idref="fl-1c"/>
      </object_component>
      <object_component id="oc-2af">
         <name>.debug_line</name>
         <load_address>0x33e4</load_address>
         <run_address>0x33e4</run_address>
         <size>0x7d</size>
         <input_file_ref idref="fl-1c"/>
      </object_component>
      <object_component id="oc-1e5">
         <name>.debug_line</name>
         <load_address>0x3461</load_address>
         <run_address>0x3461</run_address>
         <size>0x92</size>
         <input_file_ref idref="fl-1c"/>
      </object_component>
      <object_component id="oc-191">
         <name>.debug_line</name>
         <load_address>0x34f3</load_address>
         <run_address>0x34f3</run_address>
         <size>0x95</size>
         <input_file_ref idref="fl-1c"/>
      </object_component>
      <object_component id="oc-197">
         <name>.debug_line</name>
         <load_address>0x3588</load_address>
         <run_address>0x3588</run_address>
         <size>0xc4</size>
[...]
      </symbol>
      <symbol id="sm-270">
         <name>xQueueGenericReset</name>
         <value>0x1b01</value>
         <object_component_ref idref="oc-dd"/>
      </symbol>
      <symbol id="sm-271">
         <name>xQueueReceiveFromISR</name>
         <value>0x22f1</value>
         <object_component_ref idref="oc-dd"/>
      </symbol>
      <symbol id="sm-272">
         <name>uxQueueSpacesAvailable</name>
         <value>0x23f1</value>
         <object_component_ref idref="oc-dd"/>
      </symbol>
      <symbol id="sm-273">
         <name>xQueueGiveMutexRecursive</name>
         <value>0x1c85</value>
         <object_component_ref idref="oc-dd"/>
      </symbol>
      <symbol id="sm-274">
         <name>xQueueSemaphoreTake</name>
         <value>0x2079</value>
         <object_component_ref idref="oc-dd"/>
      </symbol>
      <symbol id="sm-275">
         <name>vQueueUnregisterQueue</name>
         <value>0x2735</value>
         <object_component_ref idref="oc-dd"/>
      </symbol>
      <symbol id="sm-276">
         <name>xQueueGiveFromISR</name>
         <value>0x1ecd</value>
         <object_component_ref idref="oc-dd"/>
      </symbol>
      <symbol id="sm-277">
         <name>uxQueueMessagesWaitingFromISR</name>
         <value>0x2411</value>
         <object_component_ref idref="oc-dd"/>
      </symbol>
      <symbol id="sm-278">
         <name>uxQueueGetQueueNumber</name>
         <value>0x2439</value>
         <object_component_ref idref="oc-dd"/>
      </symbol>
      <symbol id="sm-279">
         <name>xQueueTakeMutexRecursive</name>
         <value>0x1cc1</value>
         <object_component_ref idref="oc-dd"/>
      </symbol>
      <symbol id="sm-27a">
         <name>vQueueDelete</name>
         <value>0x2423</value>
         <object_component_ref idref="oc-dd"/>
      </symbol>
      <symbol id="sm-27b">
         <name>xQueuePeek</name>
         <value>0x21d1</value>
         <object_component_ref idref="oc-dd"/>
      </symbol>
      <symbol id="sm-27c">
         <name>xQueueReceive</name>
         <value>0x1f5f</value>
         <object_component_ref idref="oc-dd"/>
      </symbol>
      <symbol id="sm-27d">
         <name>pcQueueGetName</name>
         <value>0x26f5</value>
         <object_component_ref idref="oc-dd"/>
      </symbol>
      <symbol id="sm-27e">
         <name>ucQueueGetQueueType</name>
         <value>0x2459</value>
         <object_component_ref idref="oc-dd"/>
      </symbol>
      <symbol id="sm-465">
         <name>vTaskDelay</name>
         <value>0x5a1</value>
         <object_component_ref idref="oc-85"/>
      </symbol>
      <symbol id="sm-466">
         <name>vTaskSuspendAll</name>
         <value>0xa7f</value>
         <object_component_ref idref="oc-85"/>
      </symbol>
      <symbol id="sm-467">
         <name>vTaskPlaceOnEventList</name>
         <value>0xe8b</value>
         <object_component_ref idref="oc-85"/>
      </symbol>
      <symbol id="sm-468">
         <name>vTaskSetTaskNumber</name>
         <value>0x10b9</value>
         <object_component_ref idref="oc-85"/>
      </symbol>
      <symbol id="sm-469">
         <name>uxTaskPriorityGetFromISR</name>
         <value>0x6a1</value>
         <object_component_ref idref="oc-85"/>
      </symbol>
      <symbol id="sm-46a">
         <name>ulTaskNotifyTake</name>
         <value>0x163d</value>
         <object_component_ref idref="oc-85"/>
      </symbol>
      <symbol id="sm-46b">
         <name>pcTaskGetName</name>
         <value>0xba3</value>
         <object_component_ref idref="oc-85"/>
      </symbol>
      <symbol id="sm-46c">
         <name>xTaskCheckForTimeOut</name>
         <value>0x1009</value>
         <object_component_ref idref="oc-85"/>
      </symbol>
      <symbol id="sm-46d">
         <name>vTaskRemoveFromUnorderedEventList</name>
         <value>0xf61</value>
         <object_component_ref idref="oc-85"/>
      </symbol>
      <symbol id="sm-46e">
         <name>vTaskPrioritySet</name>
         <value>0x6ed</value>
         <object_component_ref idref="oc-85"/>
      </symbol>
      <symbol id="sm-46f">
         <name>xTaskPriorityDisinherit</name>
         <value>0x148f</value>
         <object_component_ref idref="oc-85"/>
      </symbol>
      <symbol id="sm-470">
         <name>vTaskStartScheduler</name>
         <value>0xa19</value>
         <object_component_ref idref="oc-85"/>
      </symbol>
      <symbol id="sm-471">
         <name>vTaskInternalSetTimeOutState</name>
         <value>0xfe7</value>
         <object_component_ref idref="oc-85"/>
      </symbol>
      <symbol id="sm-472">
         <name>xTaskNotifyStateClear</name>
         <value>0x1a07</value>
         <object_component_ref idref="oc-85"/>
      </symbol>
      <symbol id="sm-473">
         <name>pvTaskIncrementMutexHeldCount</name>
         <value>0x161f</value>
         <object_component_ref idref="oc-85"/>
      </symbol>
      <symbol id="sm-474">
         <name>uxTaskGetStackHighWaterMark</name>
         <value>0x1309</value>
         <object_component_ref idref="oc-85"/>
      </symbol>
      <symbol id="sm-475">
         <name>xTaskGenericNotify</name>
         <value>0x175f</value>
         <object_component_ref idref="oc-85"/>
      </symbol>
      <symbol id="sm-476">
         <name>vTaskPriorityDisinheritAfterTimeout</name>
         <value>0x152b</value>
         <object_component_ref idref="oc-85"/>
      </symbol>
      <symbol id="sm-477">
         <name>xTaskCreate</name>
         <value>0x26d</value>
         <object_component_ref idref="oc-85"/>
      </symbol>
      <symbol id="sm-478">
         <name>vTaskDelayUntil</name>
         <value>0x511</value>
         <object_component_ref idref="oc-85"/>
      </symbol>
      <symbol id="sm-479">
         <name>uxTaskGetTaskNumber</name>
         <value>0x1099</value>
         <object_component_ref idref="oc-85"/>
      </symbol>
      <symbol id="sm-47a">
         <name>vTaskEndScheduler</name>
         <value>0xa63</value>
         <object_component_ref idref="oc-85"/>
      </symbol>
      <symbol id="sm-47b">
         <name>xTaskNotifyWait</name>
         <value>0x16b9</value>
         <object_component_ref idref="oc-85"/>
      </symbol>
      <symbol id="sm-47c">
         <name>vTaskMissedYield</name>
         <value>0x108d</value>
         <object_component_ref idref="oc-85"/>
      </symbol>
      <symbol id="sm-47d">
         <name>uxTaskGetNumberOfTasks</name>
         <value>0xb9d</value>
         <object_component_ref idref="oc-85"/>
      </symbol>
      <symbol id="sm-47e">
         <name>xTaskGenericNotifyFromISR</name>
         <value>0x1849</value>
         <object_component_ref idref="oc-85"/>
      </symbol>
      <symbol id="sm-47f">
         <name>vTaskGetInfo</name>
         <value>0x1179</value>
         <object_component_ref idref="oc-85"/>
      </symbol>
      <symbol id="sm-480">
         <name>uxTaskPriorityGet</name>
         <value>0x671</value>
         <object_component_ref idref="oc-85"/>
      </symbol>
      <symbol id="sm-481">
         <name>xTaskResumeAll</name>
         <value>0xa91</value>
         <object_component_ref idref="oc-85"/>
      </symbol>
      <symbol id="sm-482">
         <name>xTaskGetTickCount</name>
         <value>0xb75</value>
         <object_component_ref idref="oc-85"/>
      </symbol>
      <symbol id="sm-483">
         <name>uxTaskGetSystemState</name>
         <value>0xbc9</value>
         <object_component_ref idref="oc-85"/>
      </symbol>
      <symbol id="sm-484">
         <name>vTaskDelete</name>
         <value>0x463</value>
         <object_component_ref idref="oc-85"/>
      </symbol>
      <symbol id="sm-485">
         <name>pxCurrentTCB</name>
         <value>0x20007940</value>
         <object_component_ref idref="oc-7f"/>
      </symbol>
      <symbol id="sm-486">
         <name>vTaskNotifyGiveFromISR</name>
         <value>0x1959</value>
         <object_component_ref idref="oc-85"/>
      </symbol>
      <symbol id="sm-487">
         <name>eTaskGetState</name>
         <value>0x5dd</value>
         <object_component_ref idref="oc-85"/>
      </symbol>
      <symbol id="sm-488">
         <name>vTaskSuspend</name>
         <value>0x805</value>
         <object_component_ref idref="oc-85"/>
      </symbol>
      <symbol id="sm-489">
         <name>xTaskGetTickCountFromISR</name>
         <value>0xb89</value>
         <object_component_ref idref="oc-85"/>
      </symbol>
      <symbol id="sm-48a">
         <name>vTaskResume</name>
         <value>0x911</value>
         <object_component_ref idref="oc-85"/>
      </symbol>
      <symbol id="sm-48b">
         <name>vTaskSetTimeOutState</name>
         <value>0xfc9</value>
         <object_component_ref idref="oc-85"/>
      </symbol>
      <symbol id="sm-48c">
         <name>xTaskIncrementTick</name>
         <value>0xcbd</value>
         <object_component_ref idref="oc-85"/>
      </symbol>
      <symbol id="sm-48d">
         <name>vTaskSwitchContext</name>
         <value>0xde9</value>
         <object_component_ref idref="oc-85"/>
      </symbol>
      <symbol id="sm-48e">
         <name>uxTaskResetEventItemValue</name>
         <value>0x15fd</value>
         <object_component_ref idref="oc-85"/>
      </symbol>
      <symbol id="sm-48f">
         <name>xTaskResumeFromISR</name>
         <value>0x989</value>
         <object_component_ref idref="oc-85"/>
      </symbol>
      <symbol id="sm-490">
         <name>xTaskGetCurrentTaskHandle</name>
         <value>0x137d</value>
         <object_component_ref idref="oc-85"/>
      </symbol>
      <symbol id="sm-491">
         <name>vTaskPlaceOnUnorderedEventList</name>
         <value>0xea7</value>
         <object_component_ref idref="oc-85"/>
      </symbol>
      <symbol id="sm-492">
         <name>xTaskRemoveFromEventList</name>
         <value>0xee1</value>
         <object_component_ref idref="oc-85"/>
      </symbol>
      <symbol id="sm-493">
         <name>xTaskPriorityInherit</name>
         <value>0x13b1</value>
         <object_component_ref idref="oc-85"/>
      </symbol>
      <symbol id="sm-4b6">
         <name>ledPin</name>
         <value>0x3da8</value>
         <object_component_ref idref="oc-1e9"/>
      </symbol>
      <symbol id="sm-4b7">
         <name>ledControl</name>
         <value>0x39a3</value>
         <object_component_ref idref="oc-d1"/>
      </symbol>
      <symbol id="sm-4b8">
         <name>ledSetVal</name>
         <value>0x3db4</value>
         <object_component_ref idref="oc-1ec"/>
      </symbol>
      <symbol id="sm-4b9">
         <name>ledInit</name>
         <value>0x3991</value>
         <object_component_ref idref="oc-d1"/>
      </symbol>
      <symbol id="sm-4d1">
         <name>switchState</name>
         <value>0x37f7</value>
         <object_component_ref idref="oc-d7"/>
      </symbol>
      <symbol id="sm-4d2">
         <name>switchInit</name>
         <value>0x37c1</value>
         <object_component_ref idref="oc-d7"/>
      </symbol>
      <symbol id="sm-541">
         <name>UARTgetc</name>
         <value>0x28c7</value>
         <object_component_ref idref="oc-b3"/>
      </symbol>
      <symbol id="sm-542">
         <name>UARTgets</name>
         <value>0x280d</value>
         <object_component_ref idref="oc-b3"/>
      </symbol>
      <symbol id="sm-543">
         <name>UARTStdioConfig</name>
         <value>0x2781</value>
         <object_component_ref idref="oc-b3"/>
      </symbol>
      <symbol id="sm-544">
         <name>UARTwrite</name>
         <value>0x27c7</value>
         <object_component_ref idref="oc-b3"/>
      </symbol>
      <symbol id="sm-545">
         <name>UARTprintf</name>
         <value>0x2be7</value>
         <object_component_ref idref="oc-b3"/>
      </symbol>
      <symbol id="sm-546">
         <name>UARTvprintf</name>
         <value>0x28ed</value>
         <object_component_ref idref="oc-b3"/>
      </symbol>
      <symbol id="sm-5ac">
         <name>GPIOPinConfigure</name>
         <value>0x39f5</value>
         <object_component_ref idref="oc-a1"/>
      </symbol>
      <symbol id="sm-5ad">
         <name>GPIOPinTypeUART</name>
         <value>0x3c13</value>
         <object_component_ref idref="oc-a7"/>
      </symbol>
      <symbol id="sm-5ae">
         <name>GPIOPinTypeGPIOOutput</name>
         <value>0x3bf9</value>
         <object_component_ref idref="oc-1dd"/>
      </symbol>
      <symbol id="sm-5af">
         <name>GPIOPinRead</name>
         <value>0x3cb3</value>
         <object_component_ref idref="oc-1f5"/>
      </symbol>
      <symbol id="sm-5b0">
         <name>GPIODirModeSet</name>
         <value>0x3bad</value>
         <object_component_ref idref="oc-18f"/>
      </symbol>
      <symbol id="sm-5b1">
         <name>GPIOPinWrite</name>
         <value>0x3cb9</value>
         <object_component_ref idref="oc-1e3"/>
      </symbol>
      <symbol id="sm-5b2">
         <name>GPIOPadConfigSet</name>
         <value>0x3181</value>
         <object_component_ref idref="oc-195"/>
      </symbol>
      <symbol id="sm-5da">
         <name>IntEnable</name>
         <value>0x38c1</value>
         <object_component_ref idref="oc-c5"/>
      </symbol>
      <symbol id="sm-5db">
         <name>IntMasterEnable</name>
         <value>0x3c3d</value>
         <object_component_ref idref="oc-bf"/>
      </symbol>
      <symbol id="sm-611">
         <name>SysCtlPeripheralPresent</name>
         <value>0x3b0d</value>
         <object_component_ref idref="oc-19e"/>
      </symbol>
      <symbol id="sm-612">
         <name>SysCtlClockSet</name>
         <value>0x3555</value>
         <object_component_ref idref="oc-b9"/>
      </symbol>
      <symbol id="sm-613">
         <name>SysCtlDelay</name>
         <value>0x3cbf</value>
         <object_component_ref idref="oc-1ce"/>
      </symbol>
      <symbol id="sm-614">
         <name>SysCtlPeripheralEnable</name>
         <value>0x3b45</value>
         <object_component_ref idref="oc-9b"/>
      </symbol>
      <symbol id="sm-66f">
         <name>UARTConfigSetExpClk</name>
         <value>0x3a41</value>
         <object_component_ref idref="oc-1a4"/>
      </symbol>
      <symbol id="sm-670">
         <name>UARTDisable</name>
         <value>0x3bd9</value>
         <object_component_ref idref="oc-2b7"/>
      </symbol>
      <symbol id="sm-671">
         <name>UARTIntEnable</name>
         <value>0x3cab</value>
         <object_component_ref idref="oc-cb"/>
      </symbol>
      <symbol id="sm-672">
         <name>UARTCharsAvail</name>
         <value>0x3c4d</value>
         <object_component_ref idref="oc-f5"/>
      </symbol>
      <symbol id="sm-673">
         <name>UARTClockSourceSet</name>
         <value>0x3cc5</value>
         <object_component_ref idref="oc-ad"/>
      </symbol>
      <symbol id="sm-674">
         <name>UARTCharPut</name>
         <value>0x3c97</value>
         <object_component_ref idref="oc-1b0"/>
      </symbol>
      <symbol id="sm-675">
         <name>UARTEnable</name>
         <value>0x3c29</value>
         <object_component_ref idref="oc-1aa"/>
      </symbol>
      <symbol id="sm-676">
         <name>UARTIntClear</name>
         <value>0x3ccb</value>
         <object_component_ref idref="oc-e9"/>
      </symbol>
      <symbol id="sm-677">
         <name>UARTIntStatus</name>
         <value>0x3ca1</value>
         <object_component_ref idref="oc-e3"/>
      </symbol>
      <symbol id="sm-678">
         <name>UARTCharGet</name>
         <value>0x3c8d</value>
         <object_component_ref idref="oc-ef"/>
      </symbol>
      <symbol id="sm-682">
         <name>CPUcpsie</name>
         <value>0x3c69</value>
         <object_component_ref idref="oc-1d0"/>
      </symbol>
      <symbol id="sm-69e">
         <name>memcpy</name>
         <value>0x3723</value>
         <object_component_ref idref="oc-4c"/>
      </symbol>
      <symbol id="sm-69f">
         <name>__aeabi_memcpy</name>
         <value>0x3723</value>
         <object_component_ref idref="oc-4c"/>
      </symbol>
      <symbol id="sm-6a0">
         <name>__aeabi_memcpy8</name>
         <value>0x3723</value>
         <object_component_ref idref="oc-4c"/>
      </symbol>
      <symbol id="sm-6a1">
         <name>__aeabi_memcpy4</name>
         <value>0x3723</value>
         <object_component_ref idref="oc-4c"/>
      </symbol>
      <symbol id="sm-6b0">
         <name>__aeabi_uidivmod</name>
         <value>0x3acd</value>
         <object_component_ref idref="oc-1bf"/>
      </symbol>
      <symbol id="sm-6b1">
         <name>__aeabi_uidiv</name>
         <value>0x3acd</value>
         <object_component_ref idref="oc-1bf"/>
      </symbol>
      <symbol id="sm-6c0">
         <name>__aeabi_memset</name>
         <value>0x3847</value>
         <object_component_ref idref="oc-12a"/>
      </symbol>
      <symbol id="sm-6c1">
         <name>memset</name>
         <value>0x384d</value>
         <object_component_ref idref="oc-12a"/>
      </symbol>
      <symbol id="sm-6c2">
         <name>__aeabi_memset8</name>
         <value>0x3847</value>
         <object_component_ref idref="oc-12a"/>
      </symbol>
      <symbol id="sm-6c3">
         <name>__aeabi_memset4</name>
         <value>0x3847</value>
         <object_component_ref idref="oc-12a"/>
      </symbol>
      <symbol id="sm-6c4">
         <name>__aeabi_memclr8</name>
         <value>0x3845</value>
         <object_component_ref idref="oc-12a"/>
      </symbol>
      <symbol id="sm-6c5">
         <name>__aeabi_memclr4</name>
         <value>0x3845</value>
         <object_component_ref idref="oc-12a"/>
      </symbol>
      <symbol id="sm-6c6">
         <name>__aeabi_memclr</name>
         <value>0x3845</value>
         <object_component_ref idref="oc-12a"/>
      </symbol>
      <symbol id="sm-6d8">
         <name>__TI_zero_init</name>
         <value>0x3c75</value>
         <object_component_ref idref="oc-5e"/>
      </symbol>
      <symbol id="sm-6ef">
         <name>__TI_decompress_none</name>
         <value>0x3c5b</value>
         <object_component_ref idref="oc-1b"/>
      </symbol>
      <symbol id="sm-712">
         <name>__TI_decompress_lzss</name>
         <value>0x3929</value>
         <object_component_ref idref="oc-15"/>
      </symbol>
      <symbol id="sm-725">
         <name>__stack</name>
         <value>0x20007740</value>
         <object_component_ref idref="oc-24"/>
      </symbol>
      <symbol id="sm-726">
         <name>_c_int00_noargs</name>
         <value>0x3b79</value>
         <object_component_ref idref="oc-6a"/>
      </symbol>
      <symbol id="sm-730">
         <name>__aeabi_idiv0</name>
         <value>0x3553</value>
         <object_component_ref idref="oc-2c6"/>
      </symbol>
      <symbol id="sm-731">
         <name>__aeabi_ldiv0</name>
         <value>0x3553</value>
         <object_component_ref idref="oc-2c6"/>
      </symbol>
      <symbol id="sm-759">
         <name>__TI_auto_init_nobinit_nopinit</name>
         <value>0x3a89</value>
         <object_component_ref idref="oc-231"/>
      </symbol>
      <symbol id="sm-763">
         <name>_system_pre_init</name>
         <value>0x3ccf</value>
         <object_component_ref idref="oc-130"/>
      </symbol>
      <symbol id="sm-76f">
         <name>C$$EXIT</name>
         <value>0x3cd3</value>
         <object_component_ref idref="oc-225"/>
      </symbol>
      <symbol id="sm-770">
         <name>abort</name>
         <value>0x3cd3</value>
         <object_component_ref idref="oc-225"/>
      </symbol>
      <symbol id="sm-773">
         <name>__TI_static_base__</name>
         <value>0x0</value>
      </symbol>
      <symbol id="sm-776">
         <name>__mpu_init</name>
         <value>0x0</value>
      </symbol>
      <symbol id="sm-777">
         <name>_system_post_cinit</name>
         <value>0x0</value>
      </symbol>
   </symbol_table>
   <title>Link successful</title>
</link_info>
